
> almodovar-app@0.0.0 build
> vite build

[36mvite v7.3.1 [32mbuilding client environment for production...[36m[39m
transforming...
[32mÔ£ô[39m 3 modules transformed.
node.exe : 
[31mÔ£ù[39m Build 
failed in 1.85s
En línea: 1 Carácter: 
1
+ & "C:\Program Files\
nodejs/node.exe" 
"C:\Program 
Files\nodejs/node_mo 
...
+ ~~~~~~~~~~~~~~~~~~~~
~~~~~~~~~~~~~~~~~~~~~~
~~~~~~~~~~~~~~~~~~~~~~
~~~~~
    + CategoryInfo    
          : NotSpeci  
  fied: ([31mÔ£ù[   
 39m Build failed     
in 1.85s:String)     
[], RemoteExcepti    
on
    + FullyQualifiedE 
   rrorId : NativeCo  
  mmandError
 
[31merror during 
build:
[31m[vite:esbuild] 
Transform failed with 
1 error:
C:/Users/Jaume Pedrago
sa/.gemini/antigravity
/scratch/ALMODOVAR BOX
/almodovar-app/src/App
.tsx:59:7: ERROR: The 
symbol 
"ErrorBoundary" has 
already been 
declared[31m
file: 
[36mC:/Users/Jaume Pe
dragosa/.gemini/antigr
avity/scratch/ALMODOVA
R BOX/almodovar-app/sr
c/App.tsx:59:7[31m
[33m
[33mThe symbol 
"ErrorBoundary" has 
already been 
declared[33m
57 |  import Agenda 
from 
'./components/Agenda';
58 |  
59 |  import 
ErrorBoundary from './
components/ErrorBounda
ry';
   |         ^
60 |  
61 |  const 
AppContent = () => {
[31m
    at 
failureErrorWithLog 
(C:\Users\Jaume Pedrag
osa\.gemini\antigravit
y\scratch\ALMODOVAR BO
X\almodovar-app\node_m
odules\esbuild\lib\mai
n.js:1467:15)
    at C:\Users\Jaume 
Pedragosa\.gemini\anti
gravity\scratch\ALMODO
VAR BOX\almodovar-app\
node_modules\esbuild\l
ib\main.js:736:50
    at responseCallbac
ks.<computed> 
(C:\Users\Jaume Pedrag
osa\.gemini\antigravit
y\scratch\ALMODOVAR BO
X\almodovar-app\node_m
odules\esbuild\lib\mai
n.js:603:9)
    at 
handleIncomingPacket 
(C:\Users\Jaume Pedrag
osa\.gemini\antigravit
y\scratch\ALMODOVAR BO
X\almodovar-app\node_m
odules\esbuild\lib\mai
n.js:658:12)
    at 
Socket.readFromStdout 
(C:\Users\Jaume Pedrag
osa\.gemini\antigravit
y\scratch\ALMODOVAR BO
X\almodovar-app\node_m
odules\esbuild\lib\mai
n.js:581:7)
    at Socket.emit 
(node:events:518:28)
    at addChunk (node:
internal/streams/reada
ble:561:12)
    at readableAddChun
kPushByteMode (node:in
ternal/streams/readabl
e:512:3)
    at Readable.push (
node:internal/streams/
readable:392:5)
    at 
Pipe.onStreamRead (nod
e:internal/stream_base
_commons:189:23)[39m
